[    0.00000] Intializing cgroup subsys cpuset
[    0.000000] Initializing cgroup subsys cpu
[    0.000000] Initialing cgroup subsys cpuacct
[    0.000000]Linux version 4.4.0-66-generic (buildd@lgw01-28) (gcc version 5.4.0 20160609 (Ubuntu 5.4.0-6ubuntu1~16.04.4) ) #87-Ubuntu SMP Fri Ma3 15:29:05 UTC 2017 (Ubuntu 4.4.0-66.87-generic 4.4.44)
[    0.000000] Command line: BOOT_IMAGE=/boot/vmlinuz-4.4.0-66-generic root=UUID=aef88a4e-dbea-4cc7-be8b-03cf8501cc8f ro console=tty1 console=ttyS0
[    0.000000] KERNEL supported cpus:
[    0.000000]   Intel GenuineIntel
[    0.000000]   AMD AuthenticAMD
[    0.000000]   Centaur CentaurHauls
[    0.000000] x86/fpu: xstate_offset[2]:  576, xstate_sizes[2]:  256
[    0.000000] x86/fpu: Supporting XSAVE fature 0x01: 'x87 floating point registers'
[    0.000000] x86/fpu: Supporting XSAVE feature 0x02: 'SSE registes'
[    0.000000] x8/fpu: Supporting XSAE feature 0x04: 'AVX registers'
[    0.000000] x86/fpu: Enabled xstate features 0x7, context size is 832 bytes, using 'standard' format.
[    0.000000] x86/fpu: Using 'laz FPU context switches.
[    0.000000] e820: BIOS-provided physical RAM map:
[    0.000000] BIOS-e820: [mem 0x0000000000000000-0x000000000009fbff] usable
[    0.00000] BIOS-e820: [mem 0x000000000009fc00-0x000000000009ffff] reserved
[    0.000000] BIOS-e820: [mem 0x00000000000f0000-0x0000000000fffff] reserved
[    0.000000BIOS-e820: [em 0x0000000000100000-0x000000003ffeffff] usable
[    0.000000] BIOS-e820: [mem 0x000000003fff0000-0x00000003fffffff] ACPI data
[    0.000000] BIOS-e820: [mem 0x00000000fffc0000-0x00000000ffffffff] reserved
[    0.000000] NX (Execute Disable) protecion: active
[    0.000000] SMBIOS 2.5 present.
[    0.000000] Hypervisor detected: KVM
[    0.000000] e820: last_pfn = 0x3fff0 max_arch_pfn = 0x400000000
[    0.000000] MTRR: Disled
[    0.000000] x86/PAT: MMTRRsdisabled, skipping PAT initialization too.
[    0.00000] x86/PAT: Configuration [0-7]: WB  WT  UC- UC  WB  WT  UC- UC  
[    0.000000] CPU MTRRs all blank - virtualized system.
[    0.000000] found SMP MP-table at [mem 0x0009fff0-0x0009ffff] mapped at [ffff88000009fff0]
[    0.000000] Scanning 1 ares fo low memory corruption
[    0.000000] RAMDISK: [mem 0x36236000-0x37112fff]
[    0.00000] ACPI: Early table checksum verification disabled
[    0.000000] ACPI: RSDP 0x00000000000E0000 000024 (v02 VBOX  )
[    0.000000] ACPI: XSDT 0x000000003FFF0030 00003C (v01 VBOX   VBOXXSDT 00000001 ASL  00000061)
[    0.000000] ACPI: FACP 0x000000003FFF00F0 0000F4 (v04 VBOX   VBOXFACP 00000001 ASL  00000061)
[    0.000000] ACPI: DSDT 0x000000003FFF0470 002118 (v01 VBOX   VBOXBIOS 00000002 INTL 20160108)
[    0.000000] ACPI: FACS 0x000000003FFF0200 000040
[    0.000000] ACPI: FACS 0x000000003FFF0200 000040
[    0.000000] ACPI:APIC 0x000000003FFF0240 00005C (v02 VBOX   VBOXAPIC 00000001 ASL  00000061)
[    0.000000] ACPI: SSDT 0x000000003FFF02A0 0001CC (v01 VBOX   VBOXCPUT 00000002 INTL 20160108)
[    0.000000] No NUMA configuration found
[    0.000000] Faking a node at [mem 0x0000000000000000-0x000000003ffeffff]
[    0.000000] NODE_DATA(0) allocated [mem 0x3ffeb000-0x3ffeffff]
[    0.000000] kvm-clock: Using msrs 4b564d01 and 4b564d00
[    0.000000]kvm-clock: cpu 0, msr 0:3ffe3001, primary cpu clock
[    0.00000] kvm-clock: using sched offset of 346759783 cycls
[    0.000000] clocksource: kvm-clock: mask: 0xffffffffffffffff max_cycles: 0x1cd42e4dffb, max_idle_ns: 881590591483 ns
[    0.000000] Zone ranges:
[    0.000000]   DMA      [mem 0x0000000000001000-0x0000000000ffffff]
[    0.000000]   DMA32    [mem 0x0000000001000000-0x000000003ffeffff]
[    0.000000]   Normal   empt
[    0.000000]   Device   epty
[    0.000000] Movable zone start for each node
[    0.000000] Early memory node ranges
[    0.000000]   node   0: [mem 0x0000000000001000-0x000000000009efff]
[    0.000000]   node   0: [mem 0x0000000000100000-0x000000003ffeffff]
[    0.000000] Initmem setup ode 0 [mem 0x0000000000001000-0x000000003ffeffff]
[    0.000000] ACPI: PM-Timer IO Port: 0x408
[   0.000000] IOAPIC[0]: apic_id 2, version 17, address 0xfec00000,GSI 0-23
[    0.000000] ACPI: INT_SRC_OVR (bus 0 bus_irq global_irq 2 dfl dfl)
[    0.000000 ACPI: INT_SRC_OVR (bus 0 bus_irq 9 global_irq 9 high level)
[    0.000000] Using ACPI (MADT) for SMP configuration information
[    0.000000] smpboot: Alowing 2 CPUs, 0 hotplug CPUs
[    0.000000] PM: Registered nosave memory: [mem 0x00000000-0x00000fff]
[    0.000000] PM: Registered nosave memory: [mem 0x0009f000-0x0009ffff]
[    0.000000] PM: Registered nosave memory: [mem 0x000a00000x000effff]
[    0.000000] PM: Registered nosave memory: [mem 0x000f0000-0x000fffff]
[    0.000000] e820: [mem 0x40000000-0xfffbffff] available for PCI devices
[    0.000000] Booting paravirtualized kernel on KVM
[    0.000000] clocksource: refined-jiffies: mask: 0xffffffff max_cycles: 0xffffffff, max_idle_ns: 7645519600211568 ns
[    0.000000] setup_percpu: NR_CPUS:512 nr_cpumask_bits:512 n_cpu_ids:2 nr_node_ids:1
[    0.000000] PERCPU: Embedded 33 pages/pu @ffff88003f00000 s98264 r8192 d28712 u1048576
[    0.000000] PV qspinlock hash able entries: 256 (order: 0, 4096 bytes)
[    0000000] uilt 1 zonelists in Node order, mobility grouping on.  otal pages: 257913
[    0.000000] Plicy zone: DMA32
[    0.000000] Kernel command le: BOOT_IMAGE=/boot/vmlinuz-4.4.0-66-genericro=UUID=aef88a4e-dbea-4cc7-be8b-03cf8501cc8f ro console=tty1 console=ttyS0
[    0.000000] PID hash table entries: 4096 (order: 3, 32768 bytes)
[    0.000000] Memory: 997356K/1048120K available (8452K kernel code, 1293K rwdata, 3980K rodata, 1488K init, 1316K bss, 50764K reserved, 0K cma-reserved)
[    0.000000] SLUB: HWalign=64, Order=0-3, MinObjects=0, CPUs=2, Nodes=1
[    0.000000] Hierarchical RCU implementation.
[    0.000000] 	Build-time adjustment of leaf fanout to 64.
[    0.000000] 	RCU restricting CPUs from NR_CPUS=512 to nr_cpu_ids=2.
[    0.000000] RCU: Adjusting geometry for rcu_fanout_leaf=64, nr_cpu_ids=2
[    0.000000] NR_IRQS:33024 nr_irqs:440 16
[    0.000000] Console: colour VGA+ 80x25
[    0.000000] console [tty1] enabled
[    0.000000] console [ttyS0] enabled
[    0.000000] tsc: Detected 3292.518 MHz processor
[    1.999344] Calibrating delay loop (skipped) preset value.. 6585.03 BogoMIPS (lpj=13170072)
[    2.007082] pid_max: default: 32768 minimum: 301
[    2.013660] ACPI: Core revision 20150930
[    2.016288] ACPI: 2 ACPI AML tables successfully acquired and loaded
[    2.024182] Security Framework initialized
[    2.030616] Yama: becoming mindful.
[    2.031655] AppArmor: AppArmor initialized
[    2.032801] Dentry cache hash table entries: 131072 (order: 8, 1048576 bytes)
[    2.034769] Inode-cache hash table entries: 65536 (order: 7, 524288 bytes)
[    2.073466] Mount-cache hash table entries: 2048 (order: 2, 16384 bytes)
[    2.077787] Mountpoint-cache hash table entries: 2048 (order: 2, 16384 bytes)
[    2.079893] Initializing cgroup subsys io
[    2.081097] Initializing cgroup subsys memory
[    2.092472] Initializing cgroup subsys devices
[    2.093236] Initializing cgroup subsys freezer
[    2.094012] Initializing cgroup subsys net_cls
[    2.094760] Initializing cgroup subsys perf_event
[    2.095540] Initializing cgroup subsys net_prio
[    2.096304] Initializing cgroup subsys hugetlb
[    2.097045] Initializing cgroup subsys pids
[    2.097848] CPU: Physical Processor ID: 0
[    2.099617] CPU: Processor Core ID: 0
[    2.100285] mce: CPU supports 0 MCE banks
[    2.100995] Last level iTLB entries: 4KB 512, 2MB 8, 4MB 8
[    2.101869] Last level dTLB entries: 4KB 512, 2MB 32, 4MB 32, 1GB 0
[    2.104724] Freeing SMP alternatives memory: 32K (ffffffff820b9000 - ffffffff820c1000)
[    2.114087] ftrace: allocating 32123 entries in 126 pages
[    2.161525] smpboot: APIC(0) Converting physical 0 to logical package 0
[    2.167769] smpboot: Max logical packages: 1
[    2.189084] ..TIMER: vector=0x30 apic1=0 pin1=2 apic2=-1 pin2=-1
[    2.293742] smpboot: CPU0: Intel(R) Core(TM) i3-2120 CPU @ 3.30GHz (family: 0x6, model: 0x2a, stepping: 0x7)
[    2.344893] Performance Events: unsupported p6 CPU model 42 no PMU driver, software events only.
[    2.346913] KVM setup paravirtual spinlock
[    2.348477] x86: Booting SMP configuration:
[    2.422521] .... node  #0, CPUs:      #1
[    2.485213] kvm-clock: cpu 1, msr 0:3ffe3041, secondary cpu clock
[    2.493856] mce: CPU supports 0 MCE banks
[    2.496462] x86: Booted up 1 node, 2 CPUs
[    2.497376] smpboot: Total of 2 processors activated (13170.07 BogoMIPS)
[    2.499892] devtmpfs: initialized
[    2.503022] evm: security.selinux
[    2.508377] evm: security.SMACK64
[    2.516312] evm: security.SMACK64EXEC
[    2.516974] evm: security.SMACK64TRANSMUTE
[    2.517677] evm: security.SMACK64MMAP
[    2.518355] evm: security.ima
[    2.525200] evm: security.capability
[    2.526117] clocksource: jiffies: mask: 0xffffffff max_cycles: 0xffffffff, max_idle_ns: 7645041785100000 ns
[    2.537454] pinctrl core: initialized pinctrl subsystem
[    2.540651] RTC time: 11:19:15, date: 03/09/17
[    2.542133] NET: Registered protocol family 16
[    2.561875] cpuidle: using governor ladder
[    2.577945] cpuidle: using governor menu
[    2.584933] PCCT header not found.
[    2.585700] ACPI: bus type PCI registered
[    2.587491] acpiphp: ACPI Hot Plug PCI Controller Driver version: 0.5
[    2.588576] PCI: Using configuration type 1 for base access
[    2.607055] ACPI: Added _OSI(Module Device)
[    2.608865] ACPI: Added _OSI(Processor Device)
[    2.612689] ACPI: Added _OSI(3.0 _SCP Extensions)
[    2.613472] ACPI: Added _OSI(Processor Aggregator Device)
[    2.614955] ACPI: Executed 1 blocks of module-level executable AML code
[    2.617743] ACPI: Interpreter enabled
[    2.618429] ACPI: (supports S0 S5)
[    2.619048] ACPI: Using IOAPIC for interrupt routing
[    2.621038] PCI: Using host bridge windows from ACPI; if necessary, use "pci=nocrs" and report a bug
[    2.626660] ACPI: PCI Root Bridge [PCI0] (domain 0000 [bus 00-ff])
[    2.629120] acpi PNP0A03:00: _OSC: OS supports [ASPM ClockPM Segments MSI]
[    2.630173] acpi PNP0A03:00: _OSC failed (AE_NOT_FOUND); disabling ASPM
[    2.631147] acpi PNP0A03:00: fail to add MMCONFIG information, can't access extended PCI configuration space under this bridge.
[    2.633073] PCI host bridge to bus 0000:00
[    2.633786] pci_bus 0000:00: root bus resource [io  0x0000-0x0cf7 window]
[    2.635854] pci_bus 0000:00: root bus resource [io  0x0d00-0xffff window]
[    2.636863] pci_bus 0000:00: root bus resource [mem 0x000a0000-0x000bffff window]
[    2.638131] pci_bus 0000:00: root bus resource [mem 0x40000000-0xffdfffff window]
[    2.639427] pci_bus 0000:00: root bus resource [bus 00-ff]
[    2.641562] pci 0000:00:01.1: legacy IDE quirk: reg 0x10: [io  0x01f0-0x01f7]
[    2.642613] pci 0000:00:01.1: legacy IDE quirk: reg 0x14: [io  0x03f6]
[    2.643621] pci 0000:00:01.1: legacy IDE quirk: reg 0x18: [io  0x0170-0x0177]
[    2.652880] pci 0000:00:01.1: legacy IDE quirk: reg 0x1c: [io  0x0376]
[    2.690064] ACPI: PCI Interrupt Link [LNKA] (IRQs 5 9 10 11) *0, disabled.
[    2.697008] ACPI: PCI Interrupt Link [LNKB] (IRQs 5 9 10 *11)
[    2.707396] ACPI: PCI Interrupt Link [LNKC] (IRQs 5 9 *10 11)
[    2.714017] ACPI: PCI Interrupt Link [LNKD] (IRQs 5 *9 10 11)
[    2.719517] ACPI: Enabled 2 GPEs in block 00 to 07
[    2.721804] vgaarb: setting as boot device: PCI:0000:00:02.0
[    2.726018] vgaarb: device added: PCI:0000:00:02.0,decodes=io+mem,owns=io+mem,locks=none
[    2.729470] vgaarb: loaded
[    2.740058] vgaarb: bridge control possible 0000:00:02.0
[    2.749152] SCSI subsystem initialized
[    2.750029] ACPI: bus type USB registered
[    2.753845] usbcore: registered new interface driver usbfs
[    2.755778] usbcore: registered new interface driver hub
[    2.756655] usbcore: registered new device driver usb
[    2.757824] PCI: Using ACPI for IRQ routing
[    2.759838] NetLabel: Initializing
[    2.760487] NetLabel:  domain hash size = 128
[    2.761210] NetLabel:  protocols = UNLABELED CIPSOv4
[    2.762015] NetLabel:  unlabeled traffic allowed by default
[    2.768320] amd_nb: Cannot enumerate AMD northbridges
[    2.769168] clocksource: Switched to clocksource kvm-clock
[  2.777144] AppArmor: AppArmor Filesystem Enabled
[    2.822411] pnp: PnP ACPI init
[    2.362]np PP PI: found 3 devices

[  350371] clocksource: acpi_pm: mask: 0xffffff max_cycles:xffffff, max_idle_ns: 2085701024 ns
[    3.193277] NET: Registered protocol family 2

[    3.194478] TCP established hash table entries: 8192 (order: 4, 65536 bytes)
[    3195893] TCP bind hash table entries: 8192 (order: 5, 131072 bytes)
[    3.228031] TCP: Hash tables configured (established 8192 bind 8192)
[    3.229307] UDP hash table entries: 512 (order: 2, 16384 bytes)
[    3.230540] UDP-Lite hash table entries: 512 (order: 2, 16384 bytes)
[    3.231830] NET: Registered protocol family 1
[    3232780] pci 0000:00:00.0: Limiting direct PCI/PCI transfers
[    3.256164] pci 0000:00:01.0: Activating ISA DMA hang workarounds
[    3.2509] Trying to unpack rootfs image as initramfs...

[    3.513743] Freeing initrd memory: 15220K (ffff880036236000 - ffff880037113000)
[    3.545943] RAPL PMU detected, API unit is 2^-32 Joules, 3 fixed counters 10737418240 ms ovfl timer
[    3.551547] hw unit of domain pp0-core 2^-0 Joules
[    3.552561] hw unit of domain package 2^-0 Joules
[    3.575323] hw unit of domain pp1-gpu 2^-0 Joules
[    3.605287] platform rtc_cmos: registered platform RTC device (no PNP device found)
[    3.613556] Scanning for low memory corruption every 60 seconds
[    3.621200] futex hash table entries: 512 (order: 3, 32768 bytes)
[    3.639018] audit: initializing netlink subsys (disabled)
[    3.640147] audit: type=2000 audit(1489058359.037:1): initialized
[    3.665428] Initialise system trusted keyring
[    3.680181] HugeTLB registered 2 MB page size, pre-allocated 0 pages
[    3.682759] zbud: loaded
[    3.685504] VFS: Disk quotas dquot_6.6.0
[    3.705162] VFS: Dquot-cache hash table entries: 512 (order 0, 4096 bytes)
[    3.722527] squashfs: version 4.0 (2009/01/31) Phillip Lougher
[    3.735836] fuse init (API version 7.23)
[    3.745162] Key type big_key registered
[    3.746103] Allocating IMA MOK and blacklist keyrings.
[    3.754163] Key type asymmetric registered
[    3.755093] Asymmetric key parser 'x509' registered
[    3.756168] Block layer SCSI generic (bsg) driver version 0.4 loaded (major 249)
[    3.757973] io scheduler noop registered
[    3.758875] io scheduler deadline registered (default)
[    3.759990] io scheduler cfq registered
[    3.765414] pci_hotplug: PCI Hot Plug PCI Core version: 0.5
[    3.766597] pciehp: PCI Express Hot Plug Controller Driver version: 0.4
[    3.771951] ACPI: AC Adapter [AC] (on-line)
[    3.772948] input: Power Button as /devices/LNXSYSTM:00/LNXPWRBN:00/input/input0
[    3.851683] ACPI: Power Button [PWRF]
[    3.852652] input: Sleep Button as /devices/LNXSYSTM:00/LNXSLPBN:00/input/input1
[    3.955341] ACPI: Sleep Button [SLPF]
[    4.045376] GHES: HEST is not enabled!
[    4.115185] Serial: 8250/16550 driver, 32 ports, IRQ sharing enabled
[    4.248343] 00:02: ttyS0 at I/O 0x3f8 (irq = 4, base_baud = 115200) is a 16550A
[    4.252582] Linux agpgart interface v0.103
[    4.258931] brd: module loaded
[    4.486830] loop: module loaded
[    4.495769] scsi host0: ata_piix
[    4.555337] scsi host1: ata_piix
[    4.625044] tsc: Refined TSC clocksource calibration: 3292.504 MHz
[    4.635542] clocksource: tsc: mask: 0xffffffffffffffff max_cycles: 0x2f75a311d3a, max_idle_ns: 440795342230 ns
[    4.635668] ata1: PATA max UDMA/33 cmd 0x1f0 ctl 0x3f6 bmdma 0xd000 irq 14
[    4.635670] ata2: PATA max UDMA/33 cmd 0x170 ctl 0x376 bmdma 0xd008 irq 15
[    4.635811] libphy: Fixed MDIO Bus: probed
[    4.635814] tun: Universal TUN/TAP device driver, 1.6
[    4.635814] tun: (C) 1999-2004 Max Krasnyansky <maxk@qualcomm.com>
[    4.715861] PPP generic driver version 2.4.2
[    4.715962] ehci_hcd: USB 2.0 'Enhanced' Host Controller (EHCI) Driver
[    4.715969] ehci-pci: EHCI PCI platform driver
[    4.715992] ehci-platform: EHCI generic platform driver
[    4.716004] ohci_hcd: USB 1.1 'Open' Host Controller (OHCI) Driver
[    4.716008] ohci-pci: OHCI PCI platform driver
[    4.716020] ohci-platform: OHCI generic platform driver
[    4.716032] uhci_hcd: USB Universal Host Controller Interface driver
[    4.716118] i8042: PNP: PS/2 Controller [PNP0303:PS2K,PNP0f03:PS2M] at 0x60,0x64 irq 1,12
[    4.716718] serio: i8042 KBD port at 0x60,0x64 irq 1
[    4.716725] serio: i8042 AUX port at 0x60,0x64 irq 12
[    4.716882] mousedev: PS/2 mouse device common for all mice
[    4.717244] input: AT Translated Set 2 keyboard as /devices/platform/i8042/serio0/input/input2
[    4.717742] rtc_cmos rtc_cmos: rtc core: registered rtc_cmos as rtc0
[    4.717822] rtc_cmos rtc_cmos: alarms up to one day, 114 bytes nvram
[    4.717831] i2c /dev entries driver
[    4.717903] device-mapper: uevent: version 1.0.3
[    4.717980] device-mapper: ioctl: 4.34.0-ioctl (2015-10-28) initialised: dm-devel@redhat.com
[    4.718004] ledtrig-cpu: registered to indicate activity on CPUs
[    4.726291] NET: Registered protocol family 10
[    4.726487] NET: Registered protocol family 17
[    4.726500] Key type dns_resolver registered
[    4.726699] microcode: CPU0 sig=0x206a7, pf=0x10, revision=0x0
[    4.776118] microcode: CPU1 sig=0x206a7, pf=0x10, revision=0x0
[    4.776228] microcode: Microcode Update Driver: v2.01 <tigran@aivazian.fsnet.co.uk>, Peter Oruba
[    4.776416] registered taskstats version 1
[    4.776433] Loading compiled-in X.509 certificates
[    4.777459] Loaded X.509 cert 'Build time autogenerated kernel key: 32ca4feee90b5cde51f5f8c0e024b22f8c679982'
[    4.777487] zswap: loaded using pool lzo/zbud
[    4.779573] Key type trusted registered
[    4.783112] Key type encrypted registered
[    4.783118] AppArmor: AppArmor sha1 policy hashing enabled
[    4.783121] ima: No TPM chip found, activating TPM-bypass!
[    4.783151] evm: HMAC attrs: 0x1
[    4.783448]   Magic number: 9:94:327
[    4.917974] rtc_cmos rtc_cmos: setting system clock to 2017-03-09 11:19:17 UTC (1489058357)
[    4.918174] BIOS EDD facility v0.16 2004-Jun-25, 0 devices found
[    4.918175] EDD information not available.
[    5.224006] Freeing unused kernel memory: 1488K (ffffffff81f45000 - ffffffff820b9000)
[    5.227202] Write protecting the kernel read-only data: 14336k
[    5.229462] Freeing unused kernel memory: 1776K (ffff880001844000 - ffff880001a00000)
[    5.278146] Freeing unused kernel memory: 116K (ffff880001de3000 - ffff880001e00000)
Loading, please wait...
starting version[    5.337414] random: systemd-udevd: uninitialized urandom read (16 bytes read, 2 bits of entropy available)
 229
[    5.338593] random: udevadm: uninitialized urandom read (16 bytes read, 2 bits of entropy available)
[    5.338652] random: udevadm: uninitialized urandom read (16 bytes read, 2 bits of entropy available)
[    5.338868] random: udevadm: uninitialized urandom read (16 bytes read, 2 bits of entropy available)
[    5.338947] random: udevadm: uninitialized urandom read (16 bytes read, 2 bits of entropy available)
[    5.339029] random: udevadm: uninitialized urandom read (16 bytes read, 2 bits of entropy available)
[    5.339105] random: udevadm: uninitialized urandom read (16 bytes read, 2 bits of entropy available)
[    5.339185] random: udevadm: uninitialized urandom read (16 bytes read, 2 bits of entropy available)
[    5.339260] random: udevadm: uninitialized urandom read (16 bytes read, 2 bits of entropy available)
[    5.339337] random: udevadm: uninitialized urandom read (16 bytes read, 2 bits of entropy available)
[    5.405007] e1000: Intel(R) PRO/1000 Network Driver - version 7.3.21-k8-NAPI
[    5.418302] e1000: Copyright (c) 1999-2006 Intel Corporation.
[    5.425768] Fusion MPT base driver 3.04.20
[    5.435810] Copyright (c) 1999-2008 LSI Corporation
[    5.466722] Fusion MPT SPI Host driver 3.04.20
[    5.658153] input: ImExPS/2 Generic Explorer Mouse as /devices/platform/i8042/serio1/input/input4
[    5.812476] e1000 0000:00:03.0 eth0: (PCI:33MHz:32-bit) 02:5e:4b:b2:97:11
[    5.819096] e1000 0000:00:03.0 eth0: Intel(R) PRO/1000 Network Connection
[    5.821381] mptbase: ioc0: Initiating bringup
[    5.821448] e1000 0000:00:03.0 enp0s3: renamed from eth0
[    5.917549] ioc0: LSI53C1030 A0: Capabilities={Initiator}
[    6.087373] scsi host2: ioc0: LSI53C1030 A0, FwRev=00000000h, Ports=1, MaxQ=256, IRQ=20
[    6.209879] scsi 2:0:0:0: Direct-Access     VBOX     HARDDISK         1.0  PQ: 0 ANSI: 5
[    6.366844] scsi target2:0:0: Beginning Domain Validation
[    6.380655] scsi target2:0:0: Domain Validation skipping write tests
[    6.425435] scsi target2:0:0: Ending Domain Validation
[    6.478793] scsi target2:0:0: asynchronous
[    6.480387] scsi 2:0:1:0: Direct-Access     VBOX     HARDDISK         1.0  PQ: 0 ANSI: 5
[    6.482158] scsi target2:0:1: Beginning Domain Validation
[    6.484944] scsi target2:0:1: Domain Validation skipping write tests
[    6.486259] scsi target2:0:1: Ending Domain Validation
[    6.487390] scsi target2:0:1: asynchronous
[    6.522867] sd 2:0:0:0: Attached scsi generic sg0 type 0
[    6.522998] sd 2:0:0:0: [sda] 20971520 512-byte logical blocks: (10.7 GB/10.0 GiB)
[    6.523155] sd 2:0:0:0: [sda] Write Protect is off
[    6.523258] sd 2:0:0:0: [sda] Incomplete mode parameter data
[    6.523259] sd 2:0:0:0: [sda] Assuming drive cache: write through
[    6.531261]  sda: sda1
[    6.532213] sd 2:0:0:0: [sda] Attached SCSI disk
[    6.535683] sd 2:0:1:0: Attached scsi generic sg1 type 0
[    6.535852] sd 2:0:1:0: [sdb] 20480 512-byte logical blocks: (10.5 MB/10.0 MiB)
[    6.536006] sd 2:0:1:0: [sdb] Write Protect is off
[    6.536109] sd 2:0:1:0: [sdb] Incomplete mode parameter data
[    6.536110] sd 2:0:1:0: [sdb] Assuming drive cache: write through
[    6.556559] sd 2:0:1:0: [sdb] Attached SCSI disk
[    8.445283] floppy0: no floppy controllers found
Begin: Loading essential drivers ... [   10.505879] md: linear personality registered for level -1
[   10.519591] md: multipath personality registered for level -4
[   10.529268] md: raid0 personality registered for level 0
[   10.539330] md: raid1 personality registered for level 1
[   10.617202] raid6: sse2x1   gen()  8418 MB/s
[   10.693220] raid6: sse2x1   xor()  5866 MB/s
[   10.781201] raid6: sse2x2   gen()  8795 MB/s
[   10.929223] raid6: sse2x2   xor()  6952 MB/s
[   11.029239] raid6: sse2x4   gen() 12117 MB/s
[   11.101203] raid6: sse2x4   xor()  8807 MB/s
[   11.107403] raid6: using algorithm sse2x4 gen() 12117 MB/s
[   11.108502] raid6: .... xor() 8807 MB/s, rmw enabled
[   11.109557] raid6: using ssse3x2 recovery algorithm
[   11.112339] xor: automatically using best checksumming function:
[   11.181692]    avx       : 44696.000 MB/sec
[   11.185549] async_tx: api initialized (async)
[   11.195865] md: raid6 personality registered for level 6
[   11.202349] md: raid5 personality registered for level 5
[   11.203535] md: raid4 personality registered for level 4
[   11.212765] md: raid10 personality registered for level 10
done.
Begin: Running /scripts/init-premount ... done.
Begin: Mounting root file system ... Begin: Running /scripts/local-top ... done.
Begin: Running /scripts/local-premount ... [   11.253100] Btrfs loaded
Scanning for Btrfs filesystems
done.
Warning: fsck not present, so skipping root file system
[   11.354564] EXT4-fs (sda1): mounted filesystem with ordered data mode. Opts: (null)
done.
Begin: Running /scripts/local-bottom ... done.
Begin: Running /scripts/init-bottom ... done.
[   11.939874] systemd[1]: systemd 229 running in system mode. (+PAM +AUDIT +SELINUX +IMA +APPARMOR +SMACK +SYSVINIT +UTMP +LIBCRYPTSETUP +GCRYPT +GNUTLS +ACL +XZ -LZ4 +SECCOMP +BLKID +ELFUTILS +KMOD -IDN)
[   11.985430] systemd[1]: Detected virtualization oracle.
[   11.996080] systemd[1]: Detected architecture x86-64.

Welcome to [1mUbuntu 16.04.2 LTS[0m!

[   12.050213] systemd[1]: Set hostname to <ubuntu-xenial>.
[   12.426979] random: nonblocking pool is initialized
[   12.586465] systemd[1]: Created slice System Slice.
[[0;32m  OK  [0m] Created slice System Slice.
[   12.616471] systemd[1]: Created slice User and Session Slice.
[[0;32m  OK  [0m] Created slice User and Session Slice.
[   12.638627] systemd[1]: Listening on Journal Socket.
[[0;32m  OK  [0m] Listening on Journal Socket.
[   12.665303] systemd[1]: Mounting Debug File System...
         Mounting Debug File System...
[   12.696466] systemd[1]: Starting Set console keymap...
         Starting Set console keymap...
[   12.705545] systemd[1]: Set up automount Arbitrary Executable File Formats File System Automount Point.
[[0;32m  OK  [0m] Set up automount Arbitrary Executab...ats File System Automount Point.
[   12.731410] systemd[1]: Reached target Slices.
[[0;32m  OK  [0m] Reached target Slices.
[   12.745454] systemd[1]: Starting Remount Root and Kernel File Systems...
         Starting Remount Root and Kernel File Systems...
[   12.755280] systemd[1]: Listening on udev Control Socket.
[[0;32m  OK  [0m] Listening on udev Control Socket.
[   12.761092] systemd[1]: Listening on udev Kernel Socket.
[[0;32m  OK  [0m] Listening on udev Kernel Socket.
[   12.786425] systemd[1]: Starting Create list of required static device nodes for the current kernel...
[   12.791122] EXT4-fs (sda1): re-mounted. Opts: (null)
         Starting Create list of required st... nodes for the current kernel...
[   12.816589] systemd[1]: Listening on Journal Audit Socket.
[[0;32m  OK  [0m] Listening on Journal Audit Socket.
[   12.895017] systemd[1]: Starting Nameserver information manager...
         Starting Nameserver information manager...
[   12.963925] systemd[1]: Listening on Journal Socket (/dev/log).
[[0;32m  OK  [0m] Listening on Journal Socket (/dev/log).
[   12.968753] systemd[1]: Listening on LVM2 poll daemon socket.
[[0;32m  OK  [0m] Listening on LVM2 poll daemon socket.
[   12.989328] systemd[1]: Mounting POSIX Message Queue File System...
         Mounting POSIX Message Queue File System...
[   12.999276] systemd[1]: Listening on /dev/initctl Compatibility Named Pipe.
[[0;32m  OK  [0m] Listening on /dev/initctl Compatibility Named Pipe.
[   13.009778] systemd[1]: Mounting Huge Pages File System...
         Mounting Huge Pages File System...
[   13.018522] systemd[1]: Listening on Device-mapper event daemon FIFOs.
[[0;32m  OK  [0m] Listening on Device-mapper event daemon FIFOs.
[   13.021249] systemd[1]: Reached target Encrypted Volumes.
[[0;32m  OK  [0m] Reached target Encrypted Volumes.
[   13.023640] systemd[1]: Reached target Swap.
[[0;32m  OK  [0m] Reached target Swap.
[   13.057532] systemd[1]: Starting Load Kernel Modules...
         Starting Load Kernel Modules...
[   13.073343] systemd[1]: Created slice system-serial\x2dgetty.slice.
[[0;32m  OK  [0m] Created slice system-serial\x2dgetty.slice.
[   13.081443] systemd[1]: Starting Uncomplicated firewall...
         Starting Uncomplicated firewall...
[   13.091724] systemd[1]: Listening on Syslog Socket.
[[0;32m  OK  [0m] Listening on Syslog Socket.
[   13.103771] systemd[1]: Starting Journal Service...
         Starting Journal Service...
[   13.110671] systemd[1]: Reached target User and Group Name Lookups.
[[0;32m  OK  [0m] Reached target User and Group Name Lookups.
[   13.119513] systemd[1]: Listening on LVM2 metadata daemon socket.
[[0;32m  OK  [0m] Listening on LVM2 metadata daemon socket.
[   13.141402] systemd[1]: Starting Monitoring of LVM2 mirrors, snapshots etc. using dmeventd or progress polling...
         Starting Monitoring of LVM2 mirrors... dmeventd or progress polling...
[   13.159072] systemd[1]: Started Forward Password Requests to Wall Directory Watch.
[[0;32m  OK  [0m] Started Forward Password Requests to Wall Directory Watch.
[   13.192294] systemd[1]: Mounted POSIX Message Queue File System.
[[0;32m  OK  [0m] Mounted POSIX Message Queue File System.
[   13.201355] systemd[1]: Mounted Debug File System.
[[0;32m  OK  [0m] Mounted Debug File System.
[   13.225427] systemd[1]: Mounted Huge Pages File System.
[[0;32m  OK  [0m] Mounted Huge Pages File System.[   13.235508] Loading iSCSI transport class v2.0-870.

[   13.287276] systemd[1]: Started Set console keymap.
[[0;32m  OK  [0m] Started Set console keymap.
[   13.293606] systemd[1]: Started Remount Root and Kernel File Systems.
[[0;32m  OK  [0m] Started Remount Root and Kernel File Systems.
[   13.307427] systemd[1]: Started Create list of required static device nodes for the current kernel.
[[0;32m  OK  [0m] Started Create list of required sta...ce nodes for the current kernel.
[   13.334667] systemd[1]: Started Uncomplicated firewall.
[[0;32m  OK  [0m] Started Uncomplicated firewall.
[   13.351608] iscsi: registered transport (tcp)
[   13.393420] systemd[1]: Starting Create Static Device Nodes in /dev...
         Starting Create Static Device Nodes in /dev...
[   13.477402] systemd[1]: Starting udev Coldplug all Devices...
         Starting udev Coldplug all Devices...
[   13.495274] systemd[1]: Starting Load/Save Random Seed...
         Starting Load/Save Random Seed...
[   13.511995] systemd[1]: Starting Initial cloud-init job (pre-networking)...
         Starting Initial cloud-init job (pre-networking)...
[   13.522991] systemd[1]: Started Nameserver information manager.
[[0;32m  OK  [0m] Started Nameserver information manager.
[   13.560375] systemd[1]: Started Journal Service.
[[0;32m  OK  [0m] Started Journal Service.
[[0;32m  OK  [0m] Started Load/Save Random Seed.
[[0;32m  OK  [0m] Started LVM2 metadata daemon.
         Starting Flush Journal to Persistent Storage...
[[0;32m  OK  [0m] Started udev Coldplug all Devices.
[   13.708257] systemd-journald[413]: Received request to flush runtime journal from PID 1
[   13.788801] iscsi: registered transport (iser)
[[0;32m  OK  [0m] Started Flush Journal to Persistent Storage.
[[0;32m  OK  [0m] Started Load Kernel Modules.
         Mounting FUSE Control File System...
         Starting Apply Kernel Variables...
[[0;32m  OK  [0m] Mounted FUSE Control File System.
[[0;32m  OK  [0m] Started Create Static Device Nodes in /dev.
         Starting udev Kernel Device Manager...
[[0;32m  OK  [0m] Started Apply Kernel Variables.
[[0;32m  OK  [0m] Started Monitoring of LVM2 mirrors,...ng dmeventd or progress polling.
[[0;32m  OK  [0m] Started udev Kernel Device Manager.
[[0;32m  OK  [0m] Reached target Local File Systems (Pre).
[[0;32m  OK  [0m] Reached target Local File Systems.
         Starting Tell Plymouth To Write Out Runtime Data...
         Starting Create Volatile Files and Directories...
         Starting Set console font and keymap...
         Starting LSB: AppArmor initialization...
[[0;32m  OK  [0m] Started Dispatch Password Requests to Console Directory Watch.
[[0;32m  OK  [0m] Started Tell Plymouth To Write Out Runtime Data.
[[0;32m  OK  [0m] Found device /dev/ttyS0.
[[0;32m  OK  [0m] Started Create Volatile Files and Directories.
         Starting Update UTMP about System Boot/Shutdown...
[[0;32m  OK  [0m] Reached target System Time Synchronized.
[[0;32m  OK  [0m] Started Update UTMP about System Boot/Shutdown.
[[0;32m  OK  [0m] Found device 82540EM Gigabit Ethern...r (PRO/1000 MT Desktop Adapter).
[[0;32m  OK  [0m] Started Set console font and keymap.
[[0;32m  OK  [0m] Created slice system-getty.slice.
[[0;32m  OK  [0m] Listening on Load/Save RF Kill Switch Status /dev/rfkill Watch.
[[0;32m  OK  [0m] Started LSB: AppArmor initialization.
[   15.994519] cloud-init[433]: Cloud-init v. 0.7.9 running 'init-local' at Thu, 09 Mar 2017 11:19:30 +0000. Up 15.34 seconds.
[[0;32m  OK  [0m] Started Initial cloud-init job (pre-networking).
[[0;32m  OK  [0m] Reached target Network (Pre).
         Starting Raise network interfaces...
[[0;32m  OK  [0m] Started ifup for enp0s3.
[[0;32m  OK  [0m] Started Raise network interfaces.
         Starting Initial cloud-init job (metadata service crawler)...
[[0;32m  OK  [0m] Reached target Network.
[   17.090803] cloud-init[1054]: Cloud-init v. 0.7.9 running 'init' at Thu, 09 Mar 2017 11:19:31 +0000. Up 16.63 seconds.
[   17.099617] cloud-init[1054]: ci-info: +++++++++++++++++++++++++++++++++++++Net device info++++++++++++++++++++++++++++++++++++++
[   17.102853] cloud-init[1054]: ci-info: +--------+------+----------------------------+---------------+-------+-------------------+
[   17.107390] cloud-init[1054]: ci-info: | Device |  Up  |          Address           |      Mask     | Scope |     Hw-Address    |
[   17.122854] cloud-init[1054]: ci-info: +--------+------+----------------------------+---------------+-------+-------------------+
[[   17.156424] cloud-init[1054]: ci-info: | enp0s3 | True |         10.0.2.15          | 255.255.255.0 |   .   | 02:5e:4b:b2:97:11 |
[0;32m  OK  [0m] Started Initial cloud-init job (metadata service crawler).
[   17.156871] cloud-init[1054]: ci-info: | enp0s3 | True | fe80::5e:4bff:feb2:9711/64 |       .       |  link | 02:5e:4b:b2:97:11 |
[   17.182535] cloud-init[1054]: ci-info: |   lo   | True |         127.0.0.1          |   255.0.0.0   |   .   |         .         |
[[0;32m  OK  [0m] Reached target Network is Online.
[   17.182990] cloud-init[1054]: ci-info: |   lo   | True |          ::1/128           |       .       |  host |         .         |
[   17.207569] cloud-init[1054]: ci-info: +--------+------+----------------------------+---------------+-------+-------------------+
[   17.220224] cloud-init[1054]: ci-info: +++++++++++++++++++++++++++Route IPv4 info++++++++++++++++++++++++++++
[   17.228237]          cloud-initStarting iSCSI initiator daemon (iscsid)...[1054]: 
ci-info: +-------+-------------+----------+---------------+-----------+-------+
[[0;32m  OK  [0m] Reached target Cloud-config availability.
[   17.228736] cloud-init[1054]: ci-info: | Route | Destination | Gateway  |    Genmask    | Interface | Flags |
[   17.253935] [cloud-init[0;32m  OK  [0m[1054]: ] ci-info: +-------+-------------+----------+---------------+-----------+-------+Reached target System Initialization.

[[0;32m  OK  [0m] Started Trigger resolvconf update for networkd DNS.
[   17.254405] cloud-init[1054]: ci-info: |   0   |   0.0.0.0   | 10.0.2.2 |    0.0.0.0    |   enp0s3  |   UG  |
         Starting LXD - unix socket.
[   17.283813] cloud-init[1054]: ci-info: |   1   |   10.0.2.0  | 0.0.0.0  | 255.255.255.0 |   enp0s3  |   U   |
[   17.300278] [[0;32m  OK  [0m] Started Timer to automatically refresh installed snaps.
[[0;32m  OK  [0m] Listening on D-Bus System Message Bus Socket.
cloud-init[1054]: ci-info: +-------+-------------+----------+---------------+-----------+-------+
[[0;32m  OK  [0m] Started Daily apt activities.
[[0;32m  OK  [0m] Started ACPI Events Check.
[[0;32m  OK  [0m] Reached target Paths.
         Starting Socket activation for snappy daemon.
[[0;32m  OK  [0m] Listening on UUID daemon activation socket.
[[0;32m  OK  [0m] Listening on ACPID Listen Socket.
[[0;32m  OK  [0m] Started Daily Cleanup of Temporary Directories.
[[0;32m  OK  [0m] Reached target Timers.
[[0;32m  OK  [0m] Listening on LXD - unix socket.
[[0;32m  OK  [0m] Listening on Socket activation for snappy daemon.
[[0;32m  OK  [0m] Reached target Sockets.
[[0;32m  OK  [0m] Reached target Basic System.
[[0;32m  OK  [0m] Started ACPI event daemon.
         Starting LSB: MD monitoring daemon...
[[0;32m  OK  [0m] Started D-Bus System Message Bus.
         Starting /etc/rc.local Compatibility...
[[0;32m  OK  [0m] Started Snappy daemon.
         Starting Accounts Service...
         Starting Auto import assertions from block devices...
[[0;32m  OK  [0m] Started Regular background program processing daemon.
         Starting System Logging Service...
         Starting Apply the settings specified in cloud-config...
         Starting Login Service...
[[0;32m  OK  [0m] Started FUSE filesystem for LXC.
         Starting OpenBSD Secure Shell server...
[[0;32m  OK  [0m] Started Deferred execution scheduler.
         Starting LSB: Record successful boot for GRUB...
         Starting LXD - container startup/shutdown...
[[0;32m  OK  [0m] Started iSCSI initiator daemon (iscsid).
[[0;32m  OK  [0m] Started /etc/rc.local Compatibility.
[[0;32m  OK  [0m] Started Auto import assertions from block devices.
         Starting Login to default iSCSI targets...
[[0;32m  OK  [0m] Started Login Service.
[[0;32m  OK  [0m] Started LSB: Record successful boot for GRUB.
[[0;32m  OK  [0m] Started LSB: MD monitoring daemon.
[[0;32m  OK  [0m] Started Login to default iSCSI targets.
[[0;32m  OK  [0m] Reached target Remote File Systems (Pre).
[[0;32m  OK  [0m] Reached target Remote File Systems.
         Starting LSB: Set the CPU Frequency Scaling governor to "ondemand"...
         Starting Permit User Sessions...
         Starting LSB: daemon to balance interrupts for SMP systems...
         Starting LSB: Apache2 web server...
         Starting LSB: automatic crash report generation...
         Starting LSB: VirtualBox Linux Additions...
[[0;32m  OK  [0m] Started LSB: Set the CPU Frequency Scaling governor to "ondemand".
[[0;32m  OK  [0m] Started Permit User Sessions.
         Starting Hold until boot process finishes up...
         Starting Terminate Plymouth Boot Screen...
[[0;32m  OK  [0m] Started System Logging Service.
[[0;32m  OK  [0m] Started Hold until boot process finishes up.
[[0;32m  OK  [0m] Started Terminate Plymouth Boot Screen.
         Starting Set console scheme...
[[0;32m  OK  [0m] Started Serial Getty on ttyS0.
[[0;32m  OK  [0m] Started Getty on tty1.
[[0;32m  OK  [0m] Reached target Login Prompts.
[[0;32m  OK  [0m] Started Set console scheme.
[[0;32m  OK  [0m] Started LSB: daemon to balance interrupts for SMP systems.
[   18.782389] cloud-init[1134]: Cloud-init v. 0.7.9 running 'modules:config' at Thu, 09 Mar 2017 11:19:33 +0000. Up 17.98 seconds.
[[0;32m  OK  [0m] Started Apply the settings specified in cloud-config.
[[0;32m  OK  [0m] Started LSB: automatic crash report generation.
[[0;32m  OK  [0m] Started OpenBSD Secure Shell server.
         Starting Authenticate and Authorize Users to Run Privileged Tasks...
[[0;32m  OK  [0m] Started LSB: VirtualBox Linux Additions.
[[0;32m  OK  [0m] Started Authenticate and Authorize Users to Run Privileged Tasks.
[[0;32m  OK  [0m] Started Accounts Service.
[[0;32m  OK  [0m] Started LXD - container startup/shutdown.
[[0;32m  OK  [0m] Started LSB: Apache2 web server.
[[0;32m  OK  [0m] Reached target Multi-User System.
         Starting Execute cloud user/final scripts...
[[0;32m  OK  [0m] Reached target Graphical Interface.
         Starting Update UTMP about System Runlevel Changes...
[[0;32m  OK  [0m] Started Update UTMP about System Runlevel Changes.
[   22.514918] cloud-init[1314]: Cloud-init v. 0.7.9 running 'modules:final' at Thu, 09 Mar 2017 11:19:37 +0000. Up 22.29 seconds.
[   22.524719] cloud-init[1314]: Cloud-init v. 0.7.9 finished at Thu, 09 Mar 2017 11:19:37 +0000. Datasource DataSourceNoCloud [seed=/dev/sdb][dsmode=net].  Up 22.50 seconds
[[0;32m  OK  [0m] Started Execute cloud user/final scripts.
[[0;32m  OK  [0m] Reached target Cloud-init target.

Ubuntu 16.04.2 LTS ubuntu-xenial ttyS0

ubuntu-xenial login:          Stopping Authenticate and Authorize Users to Run Privil[[0;32m  OK  [0m] Unmounted /var/lib/lxcfs.
[[0;32m  OK  [0m] Stopped ACPI event daemon.
[[0;32m  OK  [0m] Stopped Snappy daemon.
[[0;32m  OK  [0m] Stopped Accounts Service.
[[0;32m  OK  [0m] Stopped Regular background program processing daemon.
[[0;32m  OK  [0m] Stopped System Logging Service.
[[0;32m  OK  [0m] Stopped OpenBSD Secure Shell server.
[[0;32m  OK  [0m] Stopped Deferred execution scheduler.
[[0;32m  OK  [0m] Stopped Serial Getty on ttyS0.
[[0;32m  OK  [0m] Stopped Getty on tty1.
[[0;32m  OK  [0m] Stopped Authenticate and Authorize Users to Run Privileged Tasks.
[[0;32m  OK  [0m] Stopped User Manager for UID 1000.
[[0;32m  OK  [0m] Stopped D-Bus System Message Bus.
[[0;32m  OK  [0m] Stopped Session 17 of user ubuntu.
[[0;32m  OK  [0m] Stopped FUSE filesystem for LXC.
[[0;32m  OK  [0m] Stopped LXD - container startup/shutdown.
[[0;32m  OK  [0m] Stopped LSB: MD monitoring daemon.
[[0;32m  OK  [0m] Stopped LSB: VirtualBox Linux Additions.
[[0;32m  OK  [0m] Stopped LSB: Record successful boot for GRUB.
[[0;32m  OK  [0m] Stopped LSB: automatic crash report generation.
[[0;32m  OK  [0m] Stopped LSB: Set the CPU Frequency Scaling governor to "ondemand".
[[0;32m  OK  [0m] Stopped LSB: daemon to balance interrupts for SMP systems.
[[0;32m  OK  [0m] Removed slice User Slice of ubuntu.
         Stopping Login Service...
[[0;32m  OK  [0m] Removed slice system-getty.slice.
         Stopping Permit User Sessions...
[[0;32m  OK  [0m] Stopped /etc/rc.local Compatibility.
[[0;32m  OK  [0m] Removed slice system-serial\x2dgetty.slice.
[[0;32m  OK  [0m] Stopped Permit User Sessions.
[[0;32m  OK  [0m] Stopped Login Service.
[[0;32m  OK  [0m] Stopped target User and Group Name Lookups.
[[0;32m  OK  [0m] Stopped LSB: Apache2 web server.
[[0;32m  OK  [0m] Stopped target Basic System.
[[0;32m  OK  [0m] Stopped target Paths.
[[0;32m  OK  [0m] Stopped Forward Password Requests to Wall Directory Watch.
[[0;32m  OK  [0m] Stopped Trigger resolvconf update for networkd DNS.
[[0;32m  OK  [0m] Stopped Dispatch Password Requests to Console Directory Watch.
[[0;32m  OK  [0m] Stopped ACPI Events Check.
[[0;32m  OK  [0m] Stopped target Sockets.
[[0;32m  OK  [0m] Closed ACPID Listen Socket.
[[0;32m  OK  [0m] Closed LXD - unix socket.
[[0;32m  OK  [0m] Closed Syslog Socket.
[[0;32m  OK  [0m] Closed D-Bus System Message Bus Socket.
[[0;32m  OK  [0m] Closed UUID daemon activation socket.
[[0;32m  OK  [0m] Closed Socket activation for snappy daemon.
[[0;32m  OK  [0m] Stopped target Slices.
[[0;32m  OK  [0m] Removed slice User and Session Slice.
[[0;32m  OK  [0m] Stopped target System Initialization.
[[0;32m  OK  [0m] Stopped Create Volatile Files and Directories.
[[0;32m  OK  [0m] Stopped target Encrypted Volumes.
         Stopping Load/Save Random Seed...
[[0;32m  OK  [0m] Stopped target Swap.
[[0;32m  OK  [0m] Stopped target Remote File Systems.
[[0;32m  OK  [0m] Stopped target Remote File Systems (Pre).
         Stopping Login to default iSCSI targets...
[[0;32m  OK  [0m] Stopped Load/Save Random Seed.
[[0;32m  OK  [0m] Stopped Login to default iSCSI targets.
         Stopping iSCSI initiator daemon (iscsid)...
[[0;32m  OK  [0m] Stopped iSCSI initiator daemon (iscsid).
[[0;32m  OK  [0m] Stopped target Network is Online.
[[0;32m  OK  [0m] Stopped target Network.
[[0;32m  OK  [0m] Stopped Initial cloud-init job (metadata service crawler).
         Stopping Raise network interfaces...
[[0;32m  OK  [0m] Stopped Raise network interfaces.
[[0;32m  OK  [0m] Stopped target Network (Pre).
[[0;32m  OK  [0m] Stopped Initial cloud-init job (pre-networking).
[[0;32m  OK  [0m] Stopped Apply Kernel Variables.
[[0;32m  OK  [0m] Stopped target Local File Systems.
         Unmounting /run/user/1000...
         Unmounting /vagrant...
         Starting Unattended Upgrades Shutdown...
         Unmounting /var/www...
[[0;32m  OK  [0m] Stopped Load Kernel Modules.
[[0;32m  OK  [0m] Unmounted /run/user/1000.
[[0;32m  OK  [0m] Unmounted /vagrant.
[[0;32m  OK  [0m] Unmounted /var/www.
[[0;32m  OK  [0m] Reached target Unmount All Filesystems.
[[0;32m  OK  [0m] Stopped target Local File Systems (Pre).
[[0;32m  OK  [0m] Stopped Create Static Device Nodes in /dev.
         Stopping Monitoring of LVM2 mirrors... dmeventd or progress polling...
[[0;32m  OK  [0m] Stopped Remount Root and Kernel File Systems.
[[0;32m  OK  [0m] Started Unattended Upgrades Shutdown.
[[0;32m  OK  [0m] Stopped Monitoring of LVM2 mirrors,...ng dmeventd or progress polling.
         Stopping LVM2 metadata daemon...
[[0;32m  OK  [0m] Reached target Shutdown.
[17483.134133] reboot: Power down
